// Vitest Snapshot v1, https://vitest.dev/guide/snapshot.html

exports[`domain/emit > matches the snapshot for an auth-flow scene 1`] = `
{
  "store": {
    "binding:l-a-end": {
      "fromId": "shape:l-a",
      "id": "binding:l-a-end",
      "meta": {},
      "props": {
        "isExact": false,
        "isPrecise": false,
        "normalizedAnchor": {
          "x": 0.5,
          "y": 0.5,
        },
        "snap": "none",
        "terminal": "end",
      },
      "toId": "shape:auth",
      "type": "arrow",
      "typeName": "binding",
    },
    "binding:l-a-start": {
      "fromId": "shape:l-a",
      "id": "binding:l-a-start",
      "meta": {},
      "props": {
        "isExact": false,
        "isPrecise": false,
        "normalizedAnchor": {
          "x": 0.5,
          "y": 0.5,
        },
        "snap": "none",
        "terminal": "start",
      },
      "toId": "shape:login",
      "type": "arrow",
      "typeName": "binding",
    },
    "binding:u-l-end": {
      "fromId": "shape:u-l",
      "id": "binding:u-l-end",
      "meta": {},
      "props": {
        "isExact": false,
        "isPrecise": false,
        "normalizedAnchor": {
          "x": 0.5,
          "y": 0.5,
        },
        "snap": "none",
        "terminal": "end",
      },
      "toId": "shape:login",
      "type": "arrow",
      "typeName": "binding",
    },
    "binding:u-l-start": {
      "fromId": "shape:u-l",
      "id": "binding:u-l-start",
      "meta": {},
      "props": {
        "isExact": false,
        "isPrecise": false,
        "normalizedAnchor": {
          "x": 0.5,
          "y": 0.5,
        },
        "snap": "none",
        "terminal": "start",
      },
      "toId": "shape:user",
      "type": "arrow",
      "typeName": "binding",
    },
    "document:document": {
      "gridSize": 10,
      "id": "document:document",
      "meta": {},
      "name": "",
      "typeName": "document",
    },
    "page:main": {
      "id": "page:main",
      "index": "a1",
      "meta": {},
      "name": "tldsl",
      "typeName": "page",
    },
    "shape:auth": {
      "id": "shape:auth",
      "index": "a1",
      "isLocked": false,
      "meta": {},
      "opacity": 1,
      "parentId": "shape:auth-flow",
      "props": {
        "align": "middle",
        "color": "black",
        "dash": "draw",
        "fill": "none",
        "font": "draw",
        "geo": "rectangle",
        "growY": 0,
        "h": 80,
        "labelColor": "black",
        "richText": {
          "content": [
            {
              "content": [
                {
                  "text": "Auth service",
                  "type": "text",
                },
              ],
              "type": "paragraph",
            },
          ],
          "type": "doc",
        },
        "scale": 1,
        "size": "m",
        "url": "",
        "verticalAlign": "middle",
        "w": 160,
      },
      "rotation": 0,
      "type": "geo",
      "typeName": "shape",
      "x": 420,
      "y": 60,
    },
    "shape:auth-flow": {
      "id": "shape:auth-flow",
      "index": "a1",
      "isLocked": false,
      "meta": {},
      "opacity": 1,
      "parentId": "page:main",
      "props": {
        "color": "black",
        "h": 200,
        "name": "Auth flow",
        "w": 700,
      },
      "rotation": 0,
      "type": "frame",
      "typeName": "shape",
      "x": 40,
      "y": 40,
    },
    "shape:l-a": {
      "id": "shape:l-a",
      "index": "a1",
      "isLocked": false,
      "meta": {},
      "opacity": 1,
      "parentId": "page:main",
      "props": {
        "arrowheadEnd": "arrow",
        "arrowheadStart": "none",
        "bend": 0,
        "color": "black",
        "dash": "draw",
        "elbowMidPoint": 0.5,
        "end": {
          "x": 0,
          "y": 0,
        },
        "fill": "none",
        "font": "draw",
        "kind": "arc",
        "labelColor": "black",
        "labelPosition": 0.5,
        "scale": 1,
        "size": "m",
        "start": {
          "x": 0,
          "y": 0,
        },
        "text": "",
      },
      "rotation": 0,
      "type": "arrow",
      "typeName": "shape",
      "x": 0,
      "y": 0,
    },
    "shape:login": {
      "id": "shape:login",
      "index": "a1",
      "isLocked": false,
      "meta": {},
      "opacity": 1,
      "parentId": "shape:auth-flow",
      "props": {
        "align": "middle",
        "color": "black",
        "dash": "draw",
        "fill": "none",
        "font": "draw",
        "geo": "rectangle",
        "growY": 0,
        "h": 80,
        "labelColor": "black",
        "richText": {
          "content": [
            {
              "content": [
                {
                  "text": "Login form",
                  "type": "text",
                },
              ],
              "type": "paragraph",
            },
          ],
          "type": "doc",
        },
        "scale": 1,
        "size": "m",
        "url": "",
        "verticalAlign": "middle",
        "w": 160,
      },
      "rotation": 0,
      "type": "geo",
      "typeName": "shape",
      "x": 220,
      "y": 60,
    },
    "shape:u-l": {
      "id": "shape:u-l",
      "index": "a1",
      "isLocked": false,
      "meta": {},
      "opacity": 1,
      "parentId": "page:main",
      "props": {
        "arrowheadEnd": "arrow",
        "arrowheadStart": "none",
        "bend": 0,
        "color": "black",
        "dash": "draw",
        "elbowMidPoint": 0.5,
        "end": {
          "x": 0,
          "y": 0,
        },
        "fill": "none",
        "font": "draw",
        "kind": "arc",
        "labelColor": "black",
        "labelPosition": 0.5,
        "scale": 1,
        "size": "m",
        "start": {
          "x": 0,
          "y": 0,
        },
        "text": "",
      },
      "rotation": 0,
      "type": "arrow",
      "typeName": "shape",
      "x": 0,
      "y": 0,
    },
    "shape:user": {
      "id": "shape:user",
      "index": "a1",
      "isLocked": false,
      "meta": {},
      "opacity": 1,
      "parentId": "shape:auth-flow",
      "props": {
        "align": "middle",
        "color": "black",
        "dash": "draw",
        "fill": "none",
        "font": "draw",
        "geo": "rectangle",
        "growY": 0,
        "h": 80,
        "labelColor": "black",
        "richText": {
          "content": [
            {
              "content": [
                {
                  "text": "User",
                  "type": "text",
                },
              ],
              "type": "paragraph",
            },
          ],
          "type": "doc",
        },
        "scale": 1,
        "size": "m",
        "url": "",
        "verticalAlign": "middle",
        "w": 160,
      },
      "rotation": 0,
      "type": "geo",
      "typeName": "shape",
      "x": 20,
      "y": 60,
    },
  },
}
`;
